C51 COMPILER V9.01   DIGITAL_TUBE                                                          12/20/2002 22:02:44 PAGE 1   


C51 COMPILER V9.01, COMPILATION OF MODULE DIGITAL_TUBE
OBJECT MODULE PLACED IN digital_tube.OBJ
COMPILER INVOKED BY: C:\Keil\C51\BIN\C51.EXE digital_tube.c BROWSE DEBUG OBJECTEXTEND

line level    source

   1          #include <reg51.h>
   2          
   3          /**
   4           * @brief 显示指定的数字
   5           * 
   6           * @param time 计时时间(十进制)
   7           */
   8          void digital_display(int time)
   9          {
  10   1          int unitPlace = time / 1 % 10;
  11   1          int decadePlace = time / 10 % 10;
  12   1              int display_time =       unitPlace + decadePlace * 16;
  13   1          P3 =          display_time;
  14   1      }
  15          
  16          /**
  17           * @brief 初始化数码管，显示00
  18           * 
  19           */
  20          void digital_display_init()
  21          {
  22   1          digital_display(0);
  23   1      }


MODULE INFORMATION:   STATIC OVERLAYABLE
   CODE SIZE        =     54    ----
   CONSTANT SIZE    =   ----    ----
   XDATA SIZE       =   ----    ----
   PDATA SIZE       =   ----    ----
   DATA SIZE        =   ----    ----
   IDATA SIZE       =   ----    ----
   BIT SIZE         =   ----    ----
END OF MODULE INFORMATION.


C51 COMPILATION COMPLETE.  0 WARNING(S),  0 ERROR(S)
